// Jest Snapshot v1, https://goo.gl/fbAQLP

exports[`ContactTab should match the snapshot 1`] = `
<DocumentFragment>
  <div>
    <h2
      class="text-xl font-bold text-blue-700"
    >
      Contact
    </h2>
    <p>
      If you have any questions or would like to collaborate on a project, please feel free to reach out to me. You can find me on various social media platforms, including GitHub, LinkedIn, and Medium. Additionally, you can email me at 
      <a
        class="font-medium text-blue-900 hover:text-blue-500"
        href="mailto:cheezumcali23@gmail.com"
      >
        GMail
      </a>
      .
    </p>
  </div>
</DocumentFragment>
`;
